// Jest Snapshot v1, https://goo.gl/fbAQLP

exports[`App should match snapshot 1`] = `
<aside>
  <NavLink
    component={
      Object {
        "$$typeof": Symbol(react.memo),
        "WrappedComponent": [Function],
        "compare": null,
        "displayName": "Connect(FavoriteContainer)",
        "type": [Function],
      }
    }
    to="/favorites"
  >
    <button>
      Favorites
    </button>
  </NavLink>
</aside>
`;
