// Jest Snapshot v1, https://goo.gl/fbAQLP

exports[`App should match snapshot 1`] = `
<div
  className="sign-up"
>
  <NavLink
    className="exit"
    to="/"
  />
  <form
    onSubmit={[Function]}
  >
    <NavLink
      to="/"
    >
      <img
        alt="exit sign-in button"
        className="exit-button"
        src="cancel.png"
      />
    </NavLink>
    <div>
      <input
        name="name"
        onChange={[Function]}
        placeholder="name"
        type="text"
      />
      <input
        name="email"
        onChange={[Function]}
        placeholder="email"
        type="text"
      />
      <input
        name="password"
        onChange={[Function]}
        placeholder="password"
        type="text"
      />
      <input
        className="button"
        name="submit"
        type="submit"
        value="Submit"
      />
    </div>
  </form>
</div>
`;
